// Vitest Snapshot v1

exports[`toHaveNoViolations > returns correctly formatted message when violations are present 1`] = `
"<dim>expect(</><red>received</><dim>).toHaveNoViolations(</><green>expected</><dim>)</>

Expected the HTML found at $('body > img') to have no violations:

<gray><img src=\\"\\"></>

Received:

<red>\\"Images must have alternate text (image-alt)\\"</>

<yellow>Fix any of the following:</>
<yellow>  Element does not have an alt attribute</>
<yellow>  aria-label attribute does not exist or is empty</>
<yellow>  aria-labelledby attribute does not exist, references elements that do not exist or references elements that are empty or not visible</>
<yellow>  Element has no title attribute or the title attribute is empty</>
<yellow>  Element's default semantics were not overridden with role=\\"presentation\\"</>
<yellow>  Element's default semantics were not overridden with role=\\"none\\"</>

You can find more information on this issue here: 
https://dequeuniversity.com/rules/axe/2.6/image-alt?application=axeAPI</>"
`;

exports[`toHaveNoViolations > returns properly formatted text with more complex example 1`] = `
"<dim>expect(</><red>received</><dim>).toHaveNoViolations(</><green>expected</><dim>)</>

Expected the HTML found at $('img[src$=\\"example.com\\"]') to have no violations:

<gray><img src=\\"http://example.com\\"></>

Received:

<red>\\"Images must have alternate text (image-alt)\\"</>

<yellow>Fix any of the following:</>
<yellow>  Element does not have an alt attribute</>
<yellow>  aria-label attribute does not exist or is empty</>
<yellow>  aria-labelledby attribute does not exist, references elements that do not exist or references elements that are empty</>
<yellow>  Element has no title attribute</>
<yellow>  Element's default semantics were not overridden with role=\\"none\\" or role=\\"presentation\\"</>

You can find more information on this issue here: 
https://dequeuniversity.com/rules/axe/4.4/image-alt?application=axeAPI</>

Expected the HTML found at $('img[src=\\"http://example.com/2\\"]') to have no violations:

<gray><img src=\\"http://example.com/2\\"></>

Received:

<red>\\"Images must have alternate text (image-alt)\\"</>

<yellow>Fix any of the following:</>
<yellow>  Element does not have an alt attribute</>
<yellow>  aria-label attribute does not exist or is empty</>
<yellow>  aria-labelledby attribute does not exist, references elements that do not exist or references elements that are empty</>
<yellow>  Element has no title attribute</>
<yellow>  Element's default semantics were not overridden with role=\\"none\\" or role=\\"presentation\\"</>

You can find more information on this issue here: 
https://dequeuniversity.com/rules/axe/4.4/image-alt?application=axeAPI</>

────────

Expected the HTML found at $('input') to have no violations:

<gray><input type=\\"text\\"></>

Received:

<red>\\"Form elements must have labels (label)\\"</>

<yellow>Fix any of the following:</>
<yellow>  Form element does not have an implicit (wrapped) <label></>
<yellow>  Form element does not have an explicit <label></>
<yellow>  aria-label attribute does not exist or is empty</>
<yellow>  aria-labelledby attribute does not exist, references elements that do not exist or references elements that are empty</>
<yellow>  Element has no title attribute</>
<yellow>  Element has no placeholder attribute</>
<yellow>  Element's default semantics were not overridden with role=\\"none\\" or role=\\"presentation\\"</>

You can find more information on this issue here: 
https://dequeuniversity.com/rules/axe/4.4/label?application=axeAPI</>

────────

Expected the HTML found at $('a[href$=\\"#link-name\\"]') to have no violations:

<gray><a href=\\"#link-name\\"></a></>

Received:

<red>\\"Links must have discernible text (link-name)\\"</>

<yellow>Fix all of the following:</>
<yellow>  Element is in tab order and does not have accessible text</>
<yellow></>
<yellow>Fix any of the following:</>
<yellow>  Element does not have text that is visible to screen readers</>
<yellow>  aria-label attribute does not exist or is empty</>
<yellow>  aria-labelledby attribute does not exist, references elements that do not exist or references elements that are empty</>
<yellow>  Element has no title attribute</>

You can find more information on this issue here: 
https://dequeuniversity.com/rules/axe/4.4/link-name?application=axeAPI</>

Expected the HTML found at $('a[href$=\\"#link-name-2\\"]') to have no violations:

<gray><a href=\\"#link-name-2\\"></a></>

Received:

<red>\\"Links must have discernible text (link-name)\\"</>

<yellow>Fix all of the following:</>
<yellow>  Element is in tab order and does not have accessible text</>
<yellow></>
<yellow>Fix any of the following:</>
<yellow>  Element does not have text that is visible to screen readers</>
<yellow>  aria-label attribute does not exist or is empty</>
<yellow>  aria-labelledby attribute does not exist, references elements that do not exist or references elements that are empty</>
<yellow>  Element has no title attribute</>

You can find more information on this issue here: 
https://dequeuniversity.com/rules/axe/4.4/link-name?application=axeAPI</>

────────

Expected the HTML found at $('img[src$=\\"example.com\\"]') to have no violations:

<gray><img src=\\"http://example.com\\"></>

Received:

<red>\\"All page content should be contained by landmarks (region)\\"</>

<yellow>Fix any of the following:</>
<yellow>  Some page content is not contained by landmarks</>

You can find more information on this issue here: 
https://dequeuniversity.com/rules/axe/4.4/region?application=axeAPI</>

Expected the HTML found at $('img[src=\\"http://example.com/2\\"]') to have no violations:

<gray><img src=\\"http://example.com/2\\"></>

Received:

<red>\\"All page content should be contained by landmarks (region)\\"</>

<yellow>Fix any of the following:</>
<yellow>  Some page content is not contained by landmarks</>

You can find more information on this issue here: 
https://dequeuniversity.com/rules/axe/4.4/region?application=axeAPI</>

Expected the HTML found at $('input') to have no violations:

<gray><input type=\\"text\\"></>

Received:

<red>\\"All page content should be contained by landmarks (region)\\"</>

<yellow>Fix any of the following:</>
<yellow>  Some page content is not contained by landmarks</>

You can find more information on this issue here: 
https://dequeuniversity.com/rules/axe/4.4/region?application=axeAPI</>"
`;
