// Vitest Snapshot v1

exports[`readme > first readme example > should demonstrate this matcher\`s usage 1`] = `
"<dim>expect(</><red>received</><dim>).toHaveNoViolations(</><green>expected</><dim>)</>

Expected the HTML found at $('img') to have no violations:

<gray><img src=\\"#\\"></>

Received:

<red>\\"Images must have alternate text (image-alt)\\"</>

<yellow>Fix any of the following:</>
<yellow>  Element does not have an alt attribute</>
<yellow>  aria-label attribute does not exist or is empty</>
<yellow>  aria-labelledby attribute does not exist, references elements that do not exist or references elements that are empty</>
<yellow>  Element has no title attribute</>
<yellow>  Element's default semantics were not overridden with role=\\"none\\" or role=\\"presentation\\"</>

You can find more information on this issue here: 
https://dequeuniversity.com/rules/axe/4.4/image-alt?application=axeAPI</>

────────

Expected the HTML found at $('img') to have no violations:

<gray><img src=\\"#\\"></>

Received:

<red>\\"All page content should be contained by landmarks (region)\\"</>

<yellow>Fix any of the following:</>
<yellow>  Some page content is not contained by landmarks</>

You can find more information on this issue here: 
https://dequeuniversity.com/rules/axe/4.4/region?application=axeAPI</>"
`;
