// Vitest Snapshot v1, https://vitest.dev/guide/snapshot.html

exports[`toHaveNoViolations > returns correctly formatted message when violations are present 1`] = `
"<dim>expect(</intensity><red>received</color><dim>).toHaveNoViolations(</intensity><green>expected</color><dim>)</intensity>

Expected the HTML found at $('body > img') to have no violations:

<gray><img src=""></color>

Received:

<red>"Images must have alternate text (image-alt)"</color>

<yellow>Fix any of the following:</color>
<yellow>  Element does not have an alt attribute</color>
<yellow>  aria-label attribute does not exist or is empty</color>
<yellow>  aria-labelledby attribute does not exist, references elements that do not exist or references elements that are empty or not visible</color>
<yellow>  Element has no title attribute or the title attribute is empty</color>
<yellow>  Element's default semantics were not overridden with role="presentation"</color>
<yellow>  Element's default semantics were not overridden with role="none"</color>

You can find more information on this issue here: 
<blue>https://dequeuniversity.com/rules/axe/2.6/image-alt?application=axeAPI</color>"
`;

exports[`toHaveNoViolations > returns properly formatted text with more complex example 1`] = `
"<dim>expect(</intensity><red>received</color><dim>).toHaveNoViolations(</intensity><green>expected</color><dim>)</intensity>

Expected the HTML found at $('img[src$="example.com"]') to have no violations:

<gray><img src="http://example.com"></color>

Received:

<red>"Images must have alternative text (image-alt)"</color>

<yellow>Fix any of the following:</color>
<yellow>  Element does not have an alt attribute</color>
<yellow>  aria-label attribute does not exist or is empty</color>
<yellow>  aria-labelledby attribute does not exist, references elements that do not exist or references elements that are empty</color>
<yellow>  Element has no title attribute</color>
<yellow>  Element's default semantics were not overridden with role="none" or role="presentation"</color>

You can find more information on this issue here: 
<blue>https://dequeuniversity.com/rules/axe/4.10/image-alt?application=axeAPI</color>

Expected the HTML found at $('img[src="http://example.com/2"]') to have no violations:

<gray><img src="http://example.com/2"></color>

Received:

<red>"Images must have alternative text (image-alt)"</color>

<yellow>Fix any of the following:</color>
<yellow>  Element does not have an alt attribute</color>
<yellow>  aria-label attribute does not exist or is empty</color>
<yellow>  aria-labelledby attribute does not exist, references elements that do not exist or references elements that are empty</color>
<yellow>  Element has no title attribute</color>
<yellow>  Element's default semantics were not overridden with role="none" or role="presentation"</color>

You can find more information on this issue here: 
<blue>https://dequeuniversity.com/rules/axe/4.10/image-alt?application=axeAPI</color>

────────

Expected the HTML found at $('input') to have no violations:

<gray><input type="text"></color>

Received:

<red>"Form elements must have labels (label)"</color>

<yellow>Fix any of the following:</color>
<yellow>  Element does not have an implicit (wrapped) <label></color>
<yellow>  Element does not have an explicit <label></color>
<yellow>  aria-label attribute does not exist or is empty</color>
<yellow>  aria-labelledby attribute does not exist, references elements that do not exist or references elements that are empty</color>
<yellow>  Element has no title attribute</color>
<yellow>  Element has no placeholder attribute</color>
<yellow>  Element's default semantics were not overridden with role="none" or role="presentation"</color>

You can find more information on this issue here: 
<blue>https://dequeuniversity.com/rules/axe/4.10/label?application=axeAPI</color>

────────

Expected the HTML found at $('a[href$="#link-name"]') to have no violations:

<gray><a href="#link-name"></a></color>

Received:

<red>"Links must have discernible text (link-name)"</color>

<yellow>Fix all of the following:</color>
<yellow>  Element is in tab order and does not have accessible text</color>
<yellow></color>
<yellow>Fix any of the following:</color>
<yellow>  Element does not have text that is visible to screen readers</color>
<yellow>  aria-label attribute does not exist or is empty</color>
<yellow>  aria-labelledby attribute does not exist, references elements that do not exist or references elements that are empty</color>
<yellow>  Element has no title attribute</color>

You can find more information on this issue here: 
<blue>https://dequeuniversity.com/rules/axe/4.10/link-name?application=axeAPI</color>

Expected the HTML found at $('a[href$="#link-name-2"]') to have no violations:

<gray><a href="#link-name-2"></a></color>

Received:

<red>"Links must have discernible text (link-name)"</color>

<yellow>Fix all of the following:</color>
<yellow>  Element is in tab order and does not have accessible text</color>
<yellow></color>
<yellow>Fix any of the following:</color>
<yellow>  Element does not have text that is visible to screen readers</color>
<yellow>  aria-label attribute does not exist or is empty</color>
<yellow>  aria-labelledby attribute does not exist, references elements that do not exist or references elements that are empty</color>
<yellow>  Element has no title attribute</color>

You can find more information on this issue here: 
<blue>https://dequeuniversity.com/rules/axe/4.10/link-name?application=axeAPI</color>

────────

Expected the HTML found at $('img[src$="example.com"]') to have no violations:

<gray><img src="http://example.com"></color>

Received:

<red>"All page content should be contained by landmarks (region)"</color>

<yellow>Fix any of the following:</color>
<yellow>  Some page content is not contained by landmarks</color>

You can find more information on this issue here: 
<blue>https://dequeuniversity.com/rules/axe/4.10/region?application=axeAPI</color>

Expected the HTML found at $('img[src="http://example.com/2"]') to have no violations:

<gray><img src="http://example.com/2"></color>

Received:

<red>"All page content should be contained by landmarks (region)"</color>

<yellow>Fix any of the following:</color>
<yellow>  Some page content is not contained by landmarks</color>

You can find more information on this issue here: 
<blue>https://dequeuniversity.com/rules/axe/4.10/region?application=axeAPI</color>

Expected the HTML found at $('input') to have no violations:

<gray><input type="text"></color>

Received:

<red>"All page content should be contained by landmarks (region)"</color>

<yellow>Fix any of the following:</color>
<yellow>  Some page content is not contained by landmarks</color>

You can find more information on this issue here: 
<blue>https://dequeuniversity.com/rules/axe/4.10/region?application=axeAPI</color>"
`;
