// Vitest Snapshot v1, https://vitest.dev/guide/snapshot.html

exports[`readme > first readme example > should demonstrate this matcher\`s usage 1`] = `
[Error: expect(received).toHaveNoViolations(expected)

Expected the HTML found at $('img') to have no violations:

<img src="#">

Received:

"Images must have alternative text (image-alt)"

Fix any of the following:
  Element does not have an alt attribute
  aria-label attribute does not exist or is empty
  aria-labelledby attribute does not exist, references elements that do not exist or references elements that are empty
  Element has no title attribute
  Element's default semantics were not overridden with role="none" or role="presentation"

You can find more information on this issue here: 
https://dequeuniversity.com/rules/axe/4.10/image-alt?application=axeAPI

────────

Expected the HTML found at $('img') to have no violations:

<img src="#">

Received:

"All page content should be contained by landmarks (region)"

Fix any of the following:
  Some page content is not contained by landmarks

You can find more information on this issue here: 
https://dequeuniversity.com/rules/axe/4.10/region?application=axeAPI]
`;
